Flow report for riscv_uniciclo
Thu Jul  2 18:18:40 2026
Quartus Prime Version 25.1std.0 Build 1129 10/21/2025 SC Lite Edition


---------------------
; Table of Contents ;
---------------------
  1. Legal Notice
  2. Flow Summary
  3. Flow Settings
  4. Flow Non-Default Global Settings
  5. Flow Elapsed Time
  6. Flow OS Summary
  7. Flow Log
  8. Flow Messages
  9. Flow Suppressed Messages



----------------
; Legal Notice ;
----------------
Copyright (C) 2025  Altera Corporation. All rights reserved.
Your use of Altera Corporation's design tools, logic functions 
and other software and tools, and any partner logic 
functions, and any output files from any of the foregoing 
(including device programming or simulation files), and any 
associated documentation or information are expressly subject 
to the terms and conditions of the Altera Program License 
Subscription Agreement, the Altera Quartus Prime License Agreement,
the Altera IP License Agreement, or other applicable license
agreement, including, without limitation, that your use is for
the sole purpose of programming logic devices manufactured by
Altera and sold by Altera or its authorized distributors.  Please
refer to the Altera Software License Subscription Agreements 
on the Quartus Prime software download page.



+-------------------------------------------------------------------------------+
; Flow Summary                                                                  ;
+-----------------------------+-------------------------------------------------+
; Flow Status                 ; Successful - Thu Jul  2 18:18:40 2026           ;
; Quartus Prime Version       ; 25.1std.0 Build 1129 10/21/2025 SC Lite Edition ;
; Revision Name               ; riscv_uniciclo                                  ;
; Top-level Entity Name       ; riscv_top                                       ;
; Family                      ; Cyclone V                                       ;
; Device                      ; 5CGXFC7C7F23C8                                  ;
; Timing Models               ; Final                                           ;
; Logic utilization (in ALMs) ; N/A until Partition Merge                       ;
; Total registers             ; N/A until Partition Merge                       ;
; Total pins                  ; N/A until Partition Merge                       ;
; Total virtual pins          ; N/A until Partition Merge                       ;
; Total block memory bits     ; N/A until Partition Merge                       ;
; Total PLLs                  ; N/A until Partition Merge                       ;
; Total DLLs                  ; N/A until Partition Merge                       ;
+-----------------------------+-------------------------------------------------+


+-----------------------------------------+
; Flow Settings                           ;
+-------------------+---------------------+
; Option            ; Setting             ;
+-------------------+---------------------+
; Start date & time ; 07/02/2026 17:52:38 ;
; Main task         ; Compilation         ;
; Revision Name     ; riscv_uniciclo      ;
+-------------------+---------------------+


+--------------------------------------------------------------------------------------------------------------------------------------------------+
; Flow Non-Default Global Settings                                                                                                                 ;
+--------------------------------------+----------------------------------------+----------------+-------------+-----------------------------------+
; Assignment Name                      ; Value                                  ; Default Value  ; Entity Name ; Section Id                        ;
+--------------------------------------+----------------------------------------+----------------+-------------+-----------------------------------+
; COMPILER_SIGNATURE_ID                ; 102021901574897.178302555830952        ; --             ; --          ; --                                ;
; EDA_DESIGN_ENTRY_SYNTHESIS_TOOL      ; Precision Synthesis                    ; <None>         ; --          ; --                                ;
; EDA_DESIGN_INSTANCE_NAME             ; NA                                     ; --             ; --          ; tb_riscv_top                      ;
; EDA_GENERATE_FUNCTIONAL_NETLIST      ; Off                                    ; --             ; --          ; eda_board_design_timing           ;
; EDA_GENERATE_FUNCTIONAL_NETLIST      ; Off                                    ; --             ; --          ; eda_board_design_boundary_scan    ;
; EDA_GENERATE_FUNCTIONAL_NETLIST      ; Off                                    ; --             ; --          ; eda_board_design_signal_integrity ;
; EDA_GENERATE_FUNCTIONAL_NETLIST      ; Off                                    ; --             ; --          ; eda_board_design_symbol           ;
; EDA_INPUT_DATA_FORMAT                ; Vqm                                    ; --             ; --          ; eda_design_synthesis              ;
; EDA_LMF_FILE                         ; mentor.lmf                             ; --             ; --          ; eda_design_synthesis              ;
; EDA_NATIVELINK_SIMULATION_TEST_BENCH ; tb_riscv_top                           ; --             ; --          ; eda_simulation                    ;
; EDA_OUTPUT_DATA_FORMAT               ; Verilog Hdl                            ; --             ; --          ; eda_simulation                    ;
; EDA_SIMULATION_TOOL                  ; Questa Altera FPGA (Verilog)           ; <None>         ; --          ; --                                ;
; EDA_TEST_BENCH_ENABLE_STATUS         ; TEST_BENCH_MODE                        ; --             ; --          ; eda_simulation                    ;
; EDA_TEST_BENCH_FILE                  ; tb_riscv_top.v                         ; --             ; --          ; tb_riscv_top                      ;
; EDA_TEST_BENCH_MODULE_NAME           ; tb_riscv_top                           ; --             ; --          ; tb_riscv_top                      ;
; EDA_TEST_BENCH_NAME                  ; tb_riscv_top                           ; --             ; --          ; eda_simulation                    ;
; EDA_TIME_SCALE                       ; 1 ps                                   ; --             ; --          ; eda_simulation                    ;
; MAX_CORE_JUNCTION_TEMP               ; 85                                     ; --             ; --          ; --                                ;
; MIN_CORE_JUNCTION_TEMP               ; 0                                      ; --             ; --          ; --                                ;
; PARTITION_COLOR                      ; -- (Not supported for targeted family) ; --             ; riscv_top   ; Top                               ;
; PARTITION_FITTER_PRESERVATION_LEVEL  ; -- (Not supported for targeted family) ; --             ; riscv_top   ; Top                               ;
; PARTITION_NETLIST_TYPE               ; -- (Not supported for targeted family) ; --             ; riscv_top   ; Top                               ;
; POWER_BOARD_THERMAL_MODEL            ; None (CONSERVATIVE)                    ; --             ; --          ; --                                ;
; POWER_PRESET_COOLING_SOLUTION        ; 23 MM HEAT SINK WITH 200 LFPM AIRFLOW  ; --             ; --          ; --                                ;
; PROJECT_OUTPUT_DIRECTORY             ; output_files                           ; --             ; --          ; --                                ;
; TOP_LEVEL_ENTITY                     ; riscv_top                              ; riscv_uniciclo ; --          ; --                                ;
+--------------------------------------+----------------------------------------+----------------+-------------+-----------------------------------+


+----------------------------------------------------------------------------------------------------------------------------+
; Flow Elapsed Time                                                                                                          ;
+------------------------+--------------+-------------------------+---------------------+------------------------------------+
; Module Name            ; Elapsed Time ; Average Processors Used ; Peak Virtual Memory ; Total CPU Time (on all processors) ;
+------------------------+--------------+-------------------------+---------------------+------------------------------------+
; Analysis & Elaboration ; 00:00:26     ; 1.0                     ; 735 MB              ; 00:00:25                           ;
; EDA Netlist Writer     ; 00:00:03     ; 1.0                     ; 746 MB              ; 00:00:02                           ;
; EDA Netlist Writer     ; 00:00:12     ; 1.0                     ; 776 MB              ; 00:00:09                           ;
; EDA Netlist Writer     ; 00:00:02     ; 1.0                     ; 746 MB              ; 00:00:02                           ;
; EDA Netlist Writer     ; 00:00:09     ; 1.0                     ; 776 MB              ; 00:00:09                           ;
; Total                  ; 00:00:52     ; --                      ; --                  ; 00:00:47                           ;
+------------------------+--------------+-------------------------+---------------------+------------------------------------+


+-------------------------------------------------------------------------------------------+
; Flow OS Summary                                                                           ;
+------------------------+--------------------------+---------+------------+----------------+
; Module Name            ; Machine Hostname         ; OS Name ; OS Version ; Processor type ;
+------------------------+--------------------------+---------+------------+----------------+
; Analysis & Elaboration ; samuel-cds-S460-L-BK26P1 ; Ubuntu  ; 24         ; x86_64         ;
; EDA Netlist Writer     ; samuel-cds-S460-L-BK26P1 ; Ubuntu  ; 24         ; x86_64         ;
; EDA Netlist Writer     ; samuel-cds-S460-L-BK26P1 ; Ubuntu  ; 24         ; x86_64         ;
; EDA Netlist Writer     ; samuel-cds-S460-L-BK26P1 ; Ubuntu  ; 24         ; x86_64         ;
; EDA Netlist Writer     ; samuel-cds-S460-L-BK26P1 ; Ubuntu  ; 24         ; x86_64         ;
+------------------------+--------------------------+---------+------------+----------------+


------------
; Flow Log ;
------------
quartus_map --read_settings_files=on --write_settings_files=off riscv_uniciclo -c riscv_uniciclo --analysis_and_elaboration
quartus_eda --gen_testbench --tool=modelsim_oem --format=verilog --write_settings_files=off riscv_uniciclo -c riscv_uniciclo --vector_source=/home/samuel-cds/Documentos/Faculdade/OAC/Laboratorio-OAC/CPU_Uniciclo/Waveform.vwf --testbench_file=/home/samuel-cds/Documentos/Faculdade/OAC/Laboratorio-OAC/CPU_Uniciclo/simulation/qsim/Waveform.vwf.vt
quartus_eda --write_settings_files=off --simulation=on --functional=on --flatten_buses=off --tool=modelsim_oem --format=verilog --output_directory=/home/samuel-cds/Documentos/Faculdade/OAC/Laboratorio-OAC/CPU_Uniciclo/simulation/qsim/ riscv_uniciclo -c riscv_uniciclo
quartus_eda --gen_testbench --tool=modelsim_oem --format=verilog --write_settings_files=off riscv_uniciclo -c riscv_uniciclo --vector_source=/home/samuel-cds/Documentos/Faculdade/OAC/Laboratorio-OAC/CPU_Uniciclo/Waveform.vwf --testbench_file=/home/samuel-cds/Documentos/Faculdade/OAC/Laboratorio-OAC/CPU_Uniciclo/simulation/qsim/Waveform.vwf.vt
quartus_eda --write_settings_files=off --simulation=on --functional=on --flatten_buses=off --tool=modelsim_oem --format=verilog --output_directory=/home/samuel-cds/Documentos/Faculdade/OAC/Laboratorio-OAC/CPU_Uniciclo/simulation/qsim/ riscv_uniciclo -c riscv_uniciclo



